// Vitest Snapshot v1, https://vitest.dev/guide/snapshot.html

exports[`StandingsNav > renders with conference active 1`] = `"<nav class="flex gap-4 justify-center p-4 text-white"><a href="/standings" class="px-4 py-2 rounded bg-zinc-700 hover:bg-zinc-600"> League </a><a href="/standings/division" class="px-4 py-2 rounded bg-zinc-700 hover:bg-zinc-600"> Division </a><a href="/standings/conference" class="font-bold px-4 py-2 rounded bg-zinc-700 hover:bg-zinc-600"> Conference </a><a href="/standings/wildcard" class="px-4 py-2 rounded bg-zinc-700 hover:bg-zinc-600"> Wildcard </a></nav>"`;

exports[`StandingsNav > renders with division active 1`] = `"<nav class="flex gap-4 justify-center p-4 text-white"><a href="/standings" class="px-4 py-2 rounded bg-zinc-700 hover:bg-zinc-600"> League </a><a href="/standings/division" class="font-bold px-4 py-2 rounded bg-zinc-700 hover:bg-zinc-600"> Division </a><a href="/standings/conference" class="px-4 py-2 rounded bg-zinc-700 hover:bg-zinc-600"> Conference </a><a href="/standings/wildcard" class="px-4 py-2 rounded bg-zinc-700 hover:bg-zinc-600"> Wildcard </a></nav>"`;

exports[`StandingsNav > renders with league active 1`] = `"<nav class="flex gap-4 justify-center p-4 text-white"><a href="/standings" class="font-bold px-4 py-2 rounded bg-zinc-700 hover:bg-zinc-600"> League </a><a href="/standings/division" class="px-4 py-2 rounded bg-zinc-700 hover:bg-zinc-600"> Division </a><a href="/standings/conference" class="px-4 py-2 rounded bg-zinc-700 hover:bg-zinc-600"> Conference </a><a href="/standings/wildcard" class="px-4 py-2 rounded bg-zinc-700 hover:bg-zinc-600"> Wildcard </a></nav>"`;

exports[`StandingsNav > renders with wildcard active 1`] = `"<nav class="flex gap-4 justify-center p-4 text-white"><a href="/standings" class="px-4 py-2 rounded bg-zinc-700 hover:bg-zinc-600"> League </a><a href="/standings/division" class="px-4 py-2 rounded bg-zinc-700 hover:bg-zinc-600"> Division </a><a href="/standings/conference" class="px-4 py-2 rounded bg-zinc-700 hover:bg-zinc-600"> Conference </a><a href="/standings/wildcard" class="font-bold px-4 py-2 rounded bg-zinc-700 hover:bg-zinc-600"> Wildcard </a></nav>"`;
